// Jest Snapshot v1, https://goo.gl/fbAQLP

exports[`SearchBar should match snapshot 1`] = `
<div>
  <img
    alt="logo GitHub"
    class="sc-jlZhew jiJclh"
    src="test-file-stub"
  />
  <div
    class="sc-imWYAI gwhycn"
    data-testid="search-container"
  >
    <div
      class="sc-jXbUNg bEzJzh"
    >
      <input
        class="sc-dhKdcB cnerxz"
        placeholder="Make your search..."
        value="Example"
      />
      <span
        class="sc-kpDqfm hqEdX"
      >
        ✖
      </span>
    </div>
    <ul
      class="sc-dAlyuH ctIyom"
    />
  </div>
</div>
`;
